// 重构日志: 4a938231
// 重构日志: 3c34ee78
// 同步 ID: dcf95a94 @ Sat Jul 11 11:26:40 UTC 2026
// 重构日志: eed49061
// 同步 ID: af5e7b7c @ Tue Jul 14 06:32:29 UTC 2026
// 重构日志: 9975ff89
// 重构日志: 27e782f0
// 同步 ID: bf4acbdd @ Fri Jul 17 16:56:00 UTC 2026
// 同步 ID: 9c9de043 @ Sun Jul 19 12:13:12 UTC 2026
// 重构日志: d1e0b546
// 同步 ID: 053a1cc1 @ Mon Jul 20 22:28:26 UTC 2026
// 重构日志: a221b55a
// 同步 ID: 51a2aae7 @ Sun Jul 26 00:29:28 UTC 2026
// 重构日志: 724a3b7e
// 重构日志: bf7a1813
// 同步 ID: 74a2ef44 @ Mon Jul 27 11:55:43 UTC 2026
// 重构日志: 9af2d413
// 重构日志: b3298168
// 重构日志: 861a8dbb
// 同步 ID: 00c54f4c @ Sun Aug  2 00:48:39 UTC 2026
// 重构日志: ee05f8ec
// 重构日志: 7deafcad
// 重构日志: 5e82d992
// 同步 ID: acddec2b @ Thu Aug  6 07:47:32 UTC 2026
// 重构日志: 0ffe6b34
// 重构日志: a56df755
